fum@IVANCOM-FC4Q91U:~$ sudo -u postgres psql
psql (16.9 (Ubuntu 16.9-0ubuntu0.24.04.1))
Type "help" for help.

postgres=# DROP TABLE students;
ERROR:  table "students" does not exist
postgres=# CREATE TABLE students (
    student_id INTEGER PRIMARY KEY,
    name VARCHAR(100),
    email VARCHAR(150)
);
CREATE TABLE
postgres=# DROP TABLE students;
DROP TABLE
postgres=# CREATE TABLE students (
    student_id INTEGER,
    name VARCHAR(100),
    email VARCHAR(150),
    PRIMARY KEY (student_id)
);
CREATE TABLE
postgres=# DROP TABLE students;
DROP TABLE
postgres=# CREATE TABLE students (
    student_id INTEGER,
    name VARCHAR(100),
    email VARCHAR(150),
    CONSTRAINT pk_students PRIMARY KEY (student_id)
);
CREATE TABLE
postgres=# DROP TABLE students;
DROP TABLE
postgres=# CREATE TABLE students (
    student_id INTEGER,
    name VARCHAR(100),
    email VARCHAR(150)
);
CREATE TABLE
postgres=# ALTER TABLE students ADD CONSTRAINT pk_students PRIMARY KEY (student_id);
ALTER TABLE
postgres=# DROP TABLE students;
DROP TABLE
postgres=# CREATE TABLE students (
    student_id SERIAL PRIMARY KEY,
    name VARCHAR(100) NOT NULL,
    email VARCHAR(150) UNIQUE,
    faculty VARCHAR(50)
);
CREATE TABLE
postgres=# INSERT INTO students (name, email, faculty) VALUES
('Alice Johnson', 'alice@alatoo.edu.kg', 'Computer Science'),
('Bob Smith', 'bob@alatoo.edu.kg', 'Mathematics'),
('Carol Davis', 'carol@alatoo.edu.kg', 'Computer Science');
INSERT 0 3
postgres=# \d students;
                                          Table "public.students"
   Column   |          Type          | Collation | Nullable |                    Default
------------+------------------------+-----------+----------+-----------------------------------------------
 student_id | integer                |           | not null | nextval('students_student_id_seq1'::regclass)
 name       | character varying(100) |           | not null |
 email      | character varying(150) |           |          |
 faculty    | character varying(50)  |           |          |
Indexes:
    "students_pkey1" PRIMARY KEY, btree (student_id)
    "students_email_key1" UNIQUE CONSTRAINT, btree (email)

postgres=# DROP TABLE students;
DROP TABLE
postgres=# CREATE TABLE course_enrollments (
    student_id INTEGER,
    course_id INTEGER,
    semester VARCHAR(20),
    enrollment_date DATE DEFAULT CURRENT_DATE,
    grade CHAR(2),
    PRIMARY KEY (student_id, course_id, semester)
);
CREATE TABLE
postgres=# INSERT INTO course_enrollments (student_id, course_id, semester, grade) VALUES
(1, 101, '2024-Spring', 'A'),
(1, 102, '2024-Spring', 'B+'),
(2, 101, '2024-Spring', 'A-'),
(1, 101, '2024-Fall', 'A+');
INSERT 0 4
postgres=# \d
                   List of relations
 Schema |          Name           |   Type   |  Owner
--------+-------------------------+----------+----------
 public | course_enrollments      | table    | postgres
 public | students_student_id_seq | sequence | postgres
 public | university_students     | table    | postgres
(3 rows)

postgres=# CREATE TABLE products (
    product_id SERIAL PRIMARY KEY,
    product_name VARCHAR(100) NOT NULL,
    price DECIMAL(10,2)
);
CREATE TABLE
postgres=# CREATE TABLE transactions (
    transaction_id BIGSERIAL PRIMARY KEY,  -- Can handle very large numbers
    amount DECIMAL(15,2),
    transaction_date TIMESTAMP DEFAULT CURRENT_TIMESTAMP
);
CREATE TABLE
postgres=# CREATE TABLE orders (
    order_id INTEGER GENERATED ALWAYS AS IDENTITY PRIMARY KEY,
    customer_name VARCHAR(100),
    order_date DATE DEFAULT CURRENT_DATE
);
CREATE TABLE
postgres=# CREATE TABLE customers (
    customer_id INTEGER GENERATED BY DEFAULT AS IDENTITY PRIMARY KEY,
    customer_name VARCHAR(100),
    email VARCHAR(150)
);
CREATE TABLE
postgres=# INSERT INTO customers (customer_id, customer_name, email)
VALUES (1000, 'VIP Customer', 'vip@example.com');
INSERT 0 1
postgres=# CREATE TABLE departments (
    dept_id INTEGER PRIMARY KEY,
    dept_name VARCHAR(100)
);
CREATE TABLE
postgres=# INSERT INTO departments VALUES (1, 'Computer Science');
INSERT INTO departments VALUES (1, 'Mathematics');
INSERT 0 1
ERROR:  duplicate key value violates unique constraint "departments_pkey"
DETAIL:  Key (dept_id)=(1) already exists.
postgres=# INSERT INTO departments VALUES (NULL, 'Physics');
ERROR:  null value in column "dept_id" of relation "departments" violates not-null constraint
DETAIL:  Failing row contains (null, Physics).
postgres=# \d university_students
                                     Table "public.university_students"
    Column    |          Type          | Collation | Nullable |                   Default
--------------+------------------------+-----------+----------+----------------------------------------------
 student_id   | integer                |           | not null | nextval('students_student_id_seq'::regclass)
 first_name   | text                   |           | not null |
 last_name    | character varying(50)  |           | not null |
 email_adress | character varying(100) |           | not null |
 date_of_birh | date                   |           |          |
Indexes:
    "students_pkey" PRIMARY KEY, btree (student_id)
    "students_email_key" UNIQUE CONSTRAINT, btree (email_adress)
    "unique_student_email" UNIQUE CONSTRAINT, btree (email_adress)

postgres=# \q
